 Status:    Active                                                          /     filter   d delete 
 Queue:     default                                                         enter details           
 Processed: 1,234,567                                                                               
                                                                                                    
                                                                                                    