                                                                      q quit    
                                                                      ? help    
                                                                      r refresh 
                                                                                
                                                                                