 Next scheduled in:   0s                                                                                      /      filter        shift+d delete job 
 Latest scheduled in: 23h28m                                                                                  ctrl+u reset filter                     
 Total items:         4,009                                                                                   [      change page                      
                                                                                                              .]                                      
                                                                                                              enter  job detail                       