                                                               q quit  d delete 
                                                               ? help  x kill   
                                                                                
                                                                                
                                                                                