 A:         1                                                                   
 LongLabel: 2                                                                   
 B:         3                                                                   
                                                                                
                                                                                