                                        /      filter        shift+d delete job 
                                        ctrl+u reset filter  shift+k kill job   
                                        enter  job detail    shift+r retry now  
                                                             ctrl+d  delete all 
                                                             ctrl+k  kill all   