 Status:   Running                                                              
 Count:    42                                                                   
 Progress: 75%                                                                  
                                                                                
                                                                                