╭─Help───────────────────────────────────────────────────────────╮
│ General                          Navigation                    │
│ q quit                           j/down down                   │
│ ? help                           k/up   up                     │
│                                                                │
│ Filters                          Stacks                        │
│ type to filter                   esc back                      │
│ enter to apply                                                 │
│                                                                │
│                                                                │
│                                                                │
│                                                                │
│                                                                │
│                                                                │
╰────────────────────────────────────────────────────────────────╯