╭─Dev Console──────────────────────────────────────────────────────────────────╮
│      # Time         Origin                       Type            Dur Comman  │
│ ───────────────────────────────────────────────────────────────────────────  │
│      0 03:04:05.678 worker                       command         3ms GET cr  │
│      1 03:04:05.900 console                      result              ok      │
│                                                                              │
│                                                                              │
│ ──────────────────────────────────────────────────────────────────────────── │
│ redis> get critical                                                          │
╰──────────────────────────────────────────────────────────────────────────────╯