╭─Connection Error─────────────────────────────────────────╮
│ Redis connection failed                                  │
│                                                          │
│ Retrying every 5 seconds...                              │
╰──────────────────────────────────────────────────────────╯