╭─Jobs─────────────────────────────────────────────────────────────────────────────────────────────────────╖rows: 0/0╓─╮
│ #      Job                            Arguments                                                    Context           │
│ ───────────────────────────────────────────────────────────────────────────────────────────────────────────────────  │
│ No jobs in queue                                                                                                     │
│                                                                                                                      │
│                                                                                                                      │
│                                                                                                                      │
│                                                                                                                      │
│                                                                                                                      │
│                                                                                                                      │
│                                                                                                                      │
╰──────────────────────────────────────────────────────────────────────────────────────────────────────────────────────╯