 Updated: 37s ago                                                              /      filter        
 Dead:    12                                                                   ctrl+u reset filter  
 Retry:   7                                                                    r      refresh       
 Filter:  CleanupJob                                                           enter  error details 
                                                                                                    