╭─Select queue[critical]───────────────────────────────────────────────────────────────╖queues: 0╓─╮
│ Name                                      Size         Latency Oldest Job                        │
│ ───────────────────────────────────────────────────────────────────────────────────────────────  │
│ No matches                                                                                       │
│                                                                                                  │
│                                                                                                  │
│                                                                                                  │
│                                                                                                  │
│                                                                                                  │
│                                                                                                  │
│                                                                                                  │
╰──────────────────────────────────────────────────────────────────────────────────────────────────╯