╭─Retries──────────────────────────────────────────────────────────────────────────────────────────────────╖rows: 0/0╓─╮
│ Next Retry   Retries Queue           Job                            Arguments                                Error   │
│ ───────────────────────────────────────────────────────────────────────────────────────────────────────────────────  │
│ No retries                                                                                                           │
│                                                                                                                      │
│                                                                                                                      │
│                                                                                                                      │
│                                                                                                                      │
│                                                                                                                      │
│                                                                                                                      │
│                                                                                                                      │
╰──────────────────────────────────────────────────────────────────────────────────────────────────────────────────────╯