╭─Error ArgumentError in CleanupJob────────────────────────────────────────────────────────────────────────────────────────╖rows: 1-13/13╓─╮
│ Set   At           Queue           Job                            Arguments                                Error                         │
│ ───────────────────────────────────────────────────────────────────────────────────────────────────────────────────────────────────────  │
│ retry 1m           default         CleanupJob                     {}                                       boom                          │
│ retry 1m           default         CleanupJob                     {}                                       boom                          │
│ retry 1m           default         CleanupJob                     {}                                       boom                          │
│ retry 1m           default         CleanupJob                     {}                                       boom                          │
│ retry 1m           default         CleanupJob                     {}                                       boom                          │
│ retry 1m           default         CleanupJob                     {}                                       boom                          │
│ retry 1m           default         CleanupJob                     {}                                       boom                          │
│ retry 1m           default         CleanupJob                     {}                                       boom                          │
│ retry 1m           default         CleanupJob                     {}                                       boom                          │
│ retry 1m           default         CleanupJob                     {}                                       boom                          │
│ retry 1m           default         CleanupJob                     {}                                       boom                          │
│ retry 1m           default         CleanupJob                     {}                                       boom                          │
│ retry 1m           default         CleanupJob                     {}                                       boom                          │
│                                                                                                                                          │
│                                                                                                                                          │
│                                                                                                                                          │
│                                                                                                                                          │
│                                                                                                                                          │
│                                                                                                                                          │
│                                                                                                                                          │
│                                                                                                                                          │
│                                                                                                                                          │
│                                                                                                                                          │
│                                                                                                                                          │
│                                                                                                                                          │
│                                                                                                                                          │
│                                                                                                                                          │
│                                                                                                                                          │
│                                                                                                                                          │
│                                                                                                                                          │
│                                                                                                                                          │
│                                                                                                                                          │
│                                                                                                                                          │
│                                                                                                                                          │
│                                                                                                                                          │
│                                                                                                                                          │
╰──────────────────────────────────────────────────────────────────────────────────────────────────────────────────────────────────────────╯