╭─Select queue─────────────────────────────────────────────────────────────────────────╖queues: 0╓─╮
│ Name                                      Size         Latency Oldest Job                        │
│ ───────────────────────────────────────────────────────────────────────────────────────────────  │
│ No queues                                                                                        │
│                                                                                                  │
│                                                                                                  │
│                                                                                                  │
│                                                                                                  │
│                                                                                                  │
│                                                                                                  │
│                                                                                                  │
╰──────────────────────────────────────────────────────────────────────────────────────────────────╯